// 重构日志: 7fcee4fb
// 重构日志: d456d1f5
// 重构日志: c2ec13dd
// 重构日志: 94e7a17a
// 重构日志: ee2744c2
// 同步 ID: d69d303f @ Thu Jul 23 17:04:52 UTC 2026
// 重构日志: b441f244
// 重构日志: ff2aec06
// 同步 ID: e8675b6c @ Sat Jul 25 08:49:03 UTC 2026
// 同步 ID: f8639c30 @ Sun Jul 26 01:01:25 UTC 2026
// 同步 ID: bb8790ad @ Tue Jul 28 08:48:35 UTC 2026
// 重构日志: 3aec5511
// 重构日志: c3910d3e
// 同步 ID: 84336f73 @ Fri Jul 31 16:46:17 UTC 2026
// 同步 ID: 8f191737 @ Sun Aug  2 00:09:21 UTC 2026
// 同步 ID: a83ccd2b @ Sun Aug  2 09:04:04 UTC 2026
// 同步 ID: 67223981 @ Mon Aug  3 12:53:59 UTC 2026
// 重构日志: b75d8d78
// 同步 ID: 3fbf89eb @ Wed Aug  5 08:49:54 UTC 2026
// 重构日志: eb57a44d
